--------------------------------------------------------------------------------------
Timing Analyzer Summary
--------------------------------------------------------------------------------------

Type           : Worst-case tsu
Slack          : N/A
Required Time  : None
Actual Time    : 6.958 ns
From           : up
To             : controll:comb_52|up_counter[9]
From Clock     : --
To Clock       : clk
Failed Paths   : 0

Type           : Worst-case tco
Slack          : N/A
Required Time  : None
Actual Time    : 13.322 ns
From           : display:dp1|barrier_out[37]
To             : col
From Clock     : clk
To Clock       : --
Failed Paths   : 0

Type           : Worst-case th
Slack          : N/A
Required Time  : None
Actual Time    : 0.565 ns
From           : rst
To             : display:dp1|da[0]
From Clock     : --
To Clock       : clk
Failed Paths   : 0

Type           : Clock Setup: 'clk'
Slack          : N/A
Required Time  : None
Actual Time    : 104.22 MHz ( period = 9.595 ns )
From           : display:dp1|barrier_out[37]
To             : display:dp1|dp:d4|R_o[0]
From Clock     : clk
To Clock       : clk
Failed Paths   : 0

Type           : Clock Hold: 'clk'
Slack          : Not operational: Clock Skew > Data Delay
Required Time  : None
Actual Time    : N/A
From           : display:dp1|tt[0]
To             : display:dp1|temp[3]
From Clock     : clk
To Clock       : clk
Failed Paths   : 52

Type           : Total number of failed paths
Slack          : 
Required Time  : 
Actual Time    : 
From           : 
To             : 
From Clock     : 
To Clock       : 
Failed Paths   : 52

--------------------------------------------------------------------------------------

